// Jest Snapshot v1, https://goo.gl/fbAQLP

exports[`AppLayer text snapshot renders 1`] = `ShallowWrapper {}`;
