// Jest Snapshot v1, https://goo.gl/fbAQLP

exports[`jest enzyme test snapshot renders 1`] = `ReactWrapper {}`;
